### head to head, one host, one clock
ts-2w n00400-s1 30000ms → HARD=0 soft=2 f=25 moves=2122752 wall=30231ms
ts-2w n00400-s2 30000ms → HARD=0 soft=8 f=840 moves=2179072 wall=30244ms
ts-2w n00400-s3 30000ms → HARD=0 soft=2 f=80 moves=2313216 wall=30221ms
ts-2w n00800-s1 30000ms → HARD=0 soft=15 f=1255 moves=2145280 wall=30230ms
ts-2w n00800-s2 30000ms → HARD=0 soft=24 f=2380 moves=2251776 wall=30255ms
ts-2w n00800-s3 30000ms → HARD=0 soft=16 f=1155 moves=2000896 wall=30242ms
ts-2w n01600-s1 30000ms → HARD=0 soft=64 f=19105 moves=1789952 wall=30260ms
ts-2w n01600-s2 30000ms → HARD=0 soft=17 f=1645 moves=1737728 wall=30298ms
ts-2w n01600-s3 30000ms → HARD=0 soft=34 f=8185 moves=1807360 wall=30256ms
ts-2w n03200-s1 30000ms → HARD=0 soft=158 f=112840 moves=1504256 wall=30264ms
ts-2w n03200-s2 30000ms → HARD=0 soft=207 f=178685 moves=1301504 wall=30269ms
ts-2w n03200-s3 30000ms → HARD=0 soft=221 f=217445 moves=1508352 wall=30276ms
every worker failed
every worker failed
every worker failed
every worker failed
every worker failed
every worker failed
cpp-2t n00400-s1 t=30000ms → HARD=0 soft=0 f=0 ref=362 feasible=true moves=74546
cpp-2t n00400-s2 t=30000ms → HARD=0 soft=0 f=0 ref=412 feasible=true moves=93910
cpp-2t n00400-s3 t=30000ms → HARD=0 soft=0 f=0 ref=357 feasible=true moves=202220
cpp-2t n00800-s1 t=30000ms → HARD=0 soft=0 f=0 ref=755 feasible=true moves=230283
cpp-2t n00800-s2 t=30000ms → HARD=0 soft=0 f=0 ref=753 feasible=true moves=363302
cpp-2t n00800-s3 t=30000ms → HARD=0 soft=0 f=0 ref=753 feasible=true moves=253631
cpp-2t n01600-s1 t=30000ms → HARD=0 soft=1 f=5 ref=1582 feasible=true moves=5877760
cpp-2t n01600-s2 t=30000ms → HARD=0 soft=0 f=0 ref=1590 feasible=true moves=1017663
cpp-2t n01600-s3 t=30000ms → HARD=0 soft=0 f=0 ref=1567 feasible=true moves=2089957
cpp-2t n03200-s1 t=30000ms → HARD=0 soft=1 f=20 ref=3144 feasible=true moves=4774912
cpp-2t n03200-s2 t=30000ms → HARD=0 soft=2 f=25 ref=3239 feasible=true moves=5063680
cpp-2t n03200-s3 t=30000ms → HARD=0 soft=3 f=40 ref=3110 feasible=true moves=5131264
cpp-2t n06400-s1 t=30000ms → HARD=0 soft=9 f=430 ref=6173 feasible=true moves=4980736
cpp-2t n06400-s2 t=30000ms → HARD=0 soft=8 f=305 ref=6205 feasible=true moves=4946944
cpp-2t n06400-s3 t=30000ms → HARD=0 soft=5 f=125 ref=6126 feasible=true moves=4895744
cpp-2t n12800-s1 t=30000ms → HARD=0 soft=37 f=5920 ref=12464 feasible=true moves=3770368
cpp-2t n12800-s2 t=30000ms → HARD=0 soft=18 f=1250 ref=12513 feasible=true moves=3997696
cpp-2t n12800-s3 t=30000ms → HARD=0 soft=16 f=1030 ref=12340 feasible=true moves=3815424
### budget ladder
ladder-12800 n12800-s1 60000ms → HARD=0 soft=37 f=5920 moves=7684096
ladder-12800 n12800-s1 300000ms → HARD=0 soft=37 f=5920 moves=34008064
