
Generator : src/app/workload-generator.ts (53.3 kB of TypeScript)
Loaded via: node v22.22.3 type stripping
Node      : v22.22.3   Linux arm64
CPU       : unknown × 4
Method    : warm-up + up to 5 timed repeats per dataset (8000 ms budget each), minimum reported

dataset                 slots   ms        ±sd     µs/slot  fill   gap     canTake     viol    hot phase
───────────────────────────────────────────────────────────────────────────────────────────────────────────────────
baseline-10             113     1.48      0.45    13.1     100.0% 1.3%    3k          0       greedy 34%
dense-candidates-10     162     2.64      0.57    16.3     100.0% 2.1%    12k         0       improve 39%
gaps-mode-10            53      0.53      0.85    10.0     98.1%  4.7%    675         0       setup 37%
oversubscribed-10       250     1.76      0.29    7.0      68.0%  36.8%   12k         0       greedy 30%
sparse-candidates-10    106     0.41      0.02    3.8      98.1%  3.6%    1k          0       setup 36%
tight-ceilings-10       193     1.61      0.19    8.4      95.3%  7.5%    9k          0       improve 43%
tight-floors-10         171     1.44      0.29    8.4      100.0% 1.3%    8k          0       repair 58%
unconstrained-10        153     0.58      0.02    3.8      100.0% 0.4%    5k          0       setup 45%
baseline-20             330     2.15      0.21    6.5      100.0% 2.5%    13k         0       setup 31%
dense-candidates-20     315     5.13      1.13    16.3     100.0% 1.3%    27k         0       improve 31%
gaps-mode-20            158     0.63      0.04    4.0      98.7%  4.2%    3k          0       setup 36%
oversubscribed-20       539     3.13      0.31    5.8      71.2%  33.0%   30k         0       greedy 42%
sparse-candidates-20    262     0.54      0.03    2.0      78.6%  23.5%   4k          0       greedy 29%
tight-ceilings-20       304     1.36      0.22    4.5      91.8%  14.6%   11k         0       improve 33%
tight-floors-20         287     2.03      0.30    7.1      100.0% 2.0%    12k         0       repair 33%
unconstrained-20        327     1.56      0.20    4.8      100.0% 0.4%    12k         0       setup 41%
baseline-40             566     3.47      0.35    6.1      100.0% 2.5%    21k         0       greedy 35%
dense-candidates-40     597     7.79      0.84    13.0     100.0% 1.6%    50k         0       greedy 31%
gaps-mode-40            325     1.46      0.38    4.5      100.0% 1.8%    7k          0       setup 35%
oversubscribed-40       979     6.16      0.09    6.3      73.8%  33.4%   49k         0       greedy 43%
sparse-candidates-40    566     1.03      0.18    1.8      93.5%  8.4%    8k          0       greedy 37%
tight-ceilings-40       690     4.95      0.09    7.2      96.5%  9.9%    30k         0       improve 52%
tight-floors-40         662     4.76      0.19    7.2      99.9%  3.2%    29k         0       repair 41%
unconstrained-40        682     2.65      0.17    3.9      100.0% 1.6%    29k         0       greedy 47%
baseline-80             1267    6.54      0.31    5.2      99.5%  3.1%    50k         0       greedy 42%
dense-candidates-80     1155    17.3      0.43    14.9     100.0% 2.1%    98k         0       greedy 31%
gaps-mode-80            549     3.02      0.30    5.5      99.3%  3.9%    11k         0       setup 26%
oversubscribed-80       2028    12.7      0.33    6.3      73.2%  33.3%   104k        0       greedy 55%
sparse-candidates-80    1268    2.33      0.23    1.8      92.5%  9.7%    21k         0       greedy 44%
tight-ceilings-80       1488    8.47      0.17    5.7      96.9%  8.5%    69k         0       greedy 46%
tight-floors-80         1145    9.24      0.33    8.1      100.0% 2.5%    44k         0       repair 36%
unconstrained-80        1297    4.68      0.37    3.6      100.0% 0.7%    50k         0       greedy 49%
baseline-160            2186    12.4      1.43    5.7      100.0% 2.8%    80k         0       greedy 36%
dense-candidates-160    2542    40.9      6.36    16.1     100.0% 2.4%    230k        0       greedy 34%
gaps-mode-160           1329    8.50      0.16    6.4      99.7%  2.9%    30k         0       setup 34%
oversubscribed-160      4070    27.9      0.29    6.9      72.9%  33.5%   211k        0       greedy 52%
sparse-candidates-160   2385    5.45      0.24    2.3      88.7%  13.9%   39k         0       greedy 40%
tight-ceilings-160      2829    18.5      0.21    6.5      92.9%  13.7%   124k        0       greedy 43%
tight-floors-160        2575    20.2      0.34    7.8      100.0% 2.4%    111k        0       repair 39%
unconstrained-160       2477    10.4      0.28    4.2      100.0% 1.2%    94k         0       greedy 51%
baseline-320            4848    27.1      6.23    5.6      99.9%  2.1%    185k        0       greedy 44%
dense-candidates-320    4614    64.4      8.70    13.9     100.0% 2.2%    372k        0       greedy 37%
gaps-mode-320           2512    17.0      0.45    6.8      99.6%  2.9%    55k         0       setup 30%
oversubscribed-320      8316    65.6      12.1    7.9      73.8%  33.0%   447k        0       greedy 51%
sparse-candidates-320   5102    13.2      0.40    2.6      91.5%  11.5%   90k         0       greedy 47%
tight-ceilings-320      5695    38.3      0.13    6.7      93.8%  12.9%   250k        0       greedy 46%
tight-floors-320        5003    44.9      9.44    9.0      100.0% 2.6%    213k        0       repair 38%
unconstrained-320       4770    20.8      0.42    4.4      100.0% 1.0%    173k        0       greedy 50%

── Empirical growth, time ∝ Nᵅ ────────────────────────────────────────────────────────────
scenario              α (vs lecturers)    R²      α (vs slots)    R²      α greedy    α canTake
baseline              0.84                0.99    0.80            0.97    0.89        1.06
dense-candidates      0.95                0.99    0.97            0.99    1.05        1.02
gaps-mode             1.07                0.98    0.97            0.95    1.20        1.12
oversubscribed        1.05                1.00    1.04            1.00    1.17        1.02
sparse-candidates     1.04                0.98    0.93            0.96    1.14        1.06
tight-ceilings        1.00                0.95    1.00            0.97    1.17        1.01
tight-floors          1.02                0.99    1.03            1.00    1.21        1.00
unconstrained         0.99                0.99    1.01            0.99    1.13        1.03

── Where the time goes, summed over every dataset ────────────────────────────────────────
  greedy      228.1       ██████████████                     40.8 %
  improve     128.2       ████████                           22.9 %
  setup       96.0        ██████                             17.2 %
  repair      88.3        █████                              15.8 %
  individual  28.0        ██                                 5.0 %
  report      8.59        █                                  1.5 %

── Correctness ────────────────────────────────────────────────────────────
  ceiling breaches caused by the slot search   0
  … caused by individual supervision only      155
  … inherited from locked assignments          0
  structural errors                            0
  determinism failures across repeats          0
  unmet floors (soft — reported, not a bug)    2118
  lowest fill rate                             68.0%  (oversubscribed-10)
  largest optimality gap vs upper bound        36.8%  (oversubscribed-10)
  slowest single run                           65.6 ms  (oversubscribed-320)

Wrote /sessions/rcw-01koxsgm4zkt9z3ccbhld6zq/mnt/lnu-timetable/timetable-ui/scripts/workload-bench/results/metrics.csv, scaling.csv, metrics.json

